[14:09:58] [ServerMain/INFO]: [bootstrap] Running Java 25 (OpenJDK 64-Bit Server VM 25.0.2+10-LTS; Microsoft Microsoft-13053558) on Linux 6.8.0-1044-azure (amd64)
[14:09:58] [ServerMain/INFO]: [bootstrap] Loading Paper 1.21.11-130-ver/1.21.11@c5a2736 (2026-04-11T11:14:19Z) for Minecraft 1.21.11
[14:09:59] [ServerMain/INFO]: [PluginInitializerManager] Initializing plugins...
[14:10:01] [ServerMain/INFO]: [PluginInitializerManager] Initialized 8 plugins
[14:10:01] [ServerMain/INFO]: [PluginInitializerManager] Bukkit plugins (8):
 - ChunkLoader (1.0.6), Chunky (1.4.40), JustTPA (20250220c), SetHome (6.1), SkinsRestorer (15.12.0), ViaBackwards (5.7.2), ViaVersion (5.7.2), playit-gg (0.2.0)
[14:10:10] [ServerMain/INFO]: Environment: Environment[sessionHost=https://sessionserver.mojang.com, servicesHost=https://api.minecraftservices.com, profilesHost=https://api.mojang.com, name=PROD]
[14:10:14] [ServerMain/INFO]: Loaded 1470 recipes
[14:10:14] [ServerMain/INFO]: Loaded 1584 advancements
[14:10:14] [ServerMain/INFO]: [ca.spottedleaf.dataconverter.minecraft.datatypes.MCTypeRegistry] Initialising converters for DataConverter...
[14:10:15] [ServerMain/INFO]: [ca.spottedleaf.dataconverter.minecraft.datatypes.MCTypeRegistry] Finished initialising converters for DataConverter in 644.2ms
[14:10:15] [Server thread/INFO]: Starting json RPC server on 0.0.0.0:9900
[14:10:15] [Server thread/INFO]: Json-RPC Management connection listening on 0.0.0.0:9900
[14:10:15] [Server thread/INFO]: Starting minecraft server version 1.21.11
[14:10:15] [Server thread/INFO]: Loading properties
[14:10:15] [Server thread/INFO]: This server is running Paper version 1.21.11-130-ver/1.21.11@c5a2736 (2026-04-11T11:14:19Z) (Implementing API version 1.21.11-R0.1-SNAPSHOT)
[14:10:15] [Server thread/INFO]: [spark] This server bundles the spark profiler. For more information please visit https://docs.papermc.io/paper/profiling
[14:10:15] [Server thread/INFO]: Server Ping Player Sample Count: 12
[14:10:15] [Server thread/INFO]: Using 4 threads for Netty based IO
[14:10:17] [Server thread/INFO]: [MoonriseCommon] Paper is using 1 worker threads, 1 I/O threads
[14:10:18] [Server thread/INFO]: Default game type: SURVIVAL
[14:10:18] [Server thread/INFO]: Generating keypair
[14:10:18] [Server thread/INFO]: Starting Minecraft server on *:42264
[14:10:19] [Server thread/INFO]: Paper: Using libdeflate (Linux x86_64) compression from Velocity.
[14:10:19] [Server thread/INFO]: Paper: Using OpenSSL 3.x.x (Linux x86_64) cipher from Velocity.
[14:10:19] [Server thread/INFO]: [ViaVersion] Loading server plugin ViaVersion v5.7.2
[14:10:19] [Server thread/INFO]: [ViaVersion] ViaVersion 5.7.2 is now loaded. Registering protocol transformers and injecting...
[14:10:20] [Via-Mappingloader-1/INFO]: [ViaVersion] Loading block connection mappings ...
[14:10:21] [Via-Mappingloader-1/INFO]: [ViaVersion] Using FastUtil Long2ObjectOpenHashMap for block connections
[14:10:21] [Server thread/INFO]: [ViaBackwards] Loading translations...
[14:10:21] [Server thread/INFO]: [ViaBackwards] Registering protocols...
[14:10:22] [Server thread/INFO]: [ViaBackwards] Loading server plugin ViaBackwards v5.7.2
[14:10:22] [Server thread/INFO]: [SkinsRestorer] Loading server plugin SkinsRestorer v15.12.0
[14:10:22] [Server thread/INFO]: [Chunky] Loading server plugin Chunky v1.4.40
[14:10:22] [Server thread/INFO]: [playit-gg] Loading server plugin playit-gg v0.2.0
[14:10:22] [Server thread/INFO]: [ChunkLoader] Loading server plugin ChunkLoader v1.0.6
[14:10:22] [Server thread/INFO]: [JustTPA] Loading server plugin JustTPA v20250220c
[14:10:22] [Server thread/INFO]: [SetHome] Loading server plugin SetHome v6.1
[14:10:22] [Server thread/INFO]: Server permissions file permissions.yml is empty, ignoring it
[14:10:22] [Server thread/INFO]: [SkinsRestorer] Enabling SkinsRestorer v15.12.0
[14:10:24] [Server thread/INFO]: [SkinsRestorer] Running on Minecraft 1.21.11.
[14:10:25] [Server thread/INFO]: [SkinsRestorer] Using paper join listener!
[14:10:25] [Server thread/WARN]: **** SERVER IS RUNNING IN OFFLINE/INSECURE MODE!
[14:10:25] [Server thread/WARN]: The server will make no attempt to authenticate usernames. Beware.
[14:10:25] [Server thread/WARN]: While this makes the game possible to play without internet access, it also opens up the ability for hackers to connect with any username they choose.
[14:10:25] [Server thread/WARN]: To change this, set "online-mode" to "true" in the server.properties file.
[14:10:25] [Server thread/INFO]: Preparing level "world"
[14:10:26] [Server thread/INFO]: [ca.spottedleaf.moonrise.common.util.MoonriseConstants] NUMA enable flag is not set; however there is NUMA interaction support for this OS.
[14:10:26] [Server thread/INFO]: [ca.spottedleaf.moonrise.common.util.MoonriseConstants] Detected 1 NUMA nodes.
[14:10:26] [Folia Async Scheduler Thread #1/INFO]: [SkinsRestorer] ----------------------------------------------
[14:10:26] [Folia Async Scheduler Thread #1/INFO]: [SkinsRestorer]     +==================+
[14:10:26] [Folia Async Scheduler Thread #1/INFO]: [SkinsRestorer]     |   SkinsRestorer  |
[14:10:26] [Folia Async Scheduler Thread #1/INFO]: [SkinsRestorer]     |------------------|
[14:10:26] [Folia Async Scheduler Thread #1/INFO]: [SkinsRestorer]     |  Standalone Mode |
[14:10:26] [Folia Async Scheduler Thread #1/INFO]: [SkinsRestorer]     +==================+
[14:10:26] [Folia Async Scheduler Thread #1/INFO]: [SkinsRestorer] ----------------------------------------------
[14:10:26] [Folia Async Scheduler Thread #1/INFO]: [SkinsRestorer]     Version: 15.12.0
[14:10:26] [Folia Async Scheduler Thread #1/INFO]: [SkinsRestorer]     Commit: 2903414
[14:10:26] [Folia Async Scheduler Thread #1/INFO]: [SkinsRestorer]     This is the latest version!
[14:10:26] [Folia Async Scheduler Thread #1/INFO]: [SkinsRestorer] ----------------------------------------------
[14:10:26] [Folia Async Scheduler Thread #1/INFO]: [SkinsRestorer] Do you have issues? Read our troubleshooting guide: https://skinsrestorer.net/docs/troubleshooting
[14:10:26] [Folia Async Scheduler Thread #1/INFO]: [SkinsRestorer] Want to support SkinsRestorer or receive priority support? Become a supporter: https://skinsrestorer.net/pricing
[14:10:27] [Server thread/INFO]: Loading 183 persistent chunks for world 'minecraft:overworld'...
[14:10:27] [Server thread/INFO]: Preparing spawn area: 5%
[14:10:28] [Server thread/INFO]: Preparing spawn area: 5%
[14:10:33] [Server thread/INFO]: Prepared spawn area in 5737 ms
[14:10:33] [Server thread/INFO]: Loading 0 persistent chunks for world 'minecraft:the_nether'...
[14:10:33] [Server thread/INFO]: Prepared spawn area in 0 ms
[14:10:33] [Server thread/INFO]: Loading 0 persistent chunks for world 'minecraft:the_end'...
[14:10:33] [Server thread/INFO]: Prepared spawn area in 1 ms
[14:10:33] [Server thread/INFO]: Done preparing level "world" (7.310s)
[14:10:33] [Server thread/INFO]: [ViaVersion] Enabling ViaVersion v5.7.2
[14:10:33] [Server thread/INFO]: [ViaVersion] ViaVersion detected server version: 1.21.11 (774)
[14:10:33] [Server thread/INFO]: [ViaBackwards] Enabling ViaBackwards v5.7.2
[14:10:33] [Server thread/INFO]: [Chunky] Enabling Chunky v1.4.40
[14:10:33] [Server thread/INFO]: [playit-gg] Enabling playit-gg v0.2.0
[14:10:34] [Thread-13/INFO]: [gg.playit.minecraft.PlayitKeysSetup] secret key found, checking
[14:10:34] [Server thread/INFO]: [ChunkLoader] Enabling ChunkLoader v1.0.6
[14:10:34] [Thread-13/INFO]: [gg.playit.minecraft.PlayitKeysSetup] check secret
[14:10:35] [Server thread/INFO]: [JustTPA] Enabling JustTPA v20250220c
[14:10:35] [Server thread/INFO]: [JustTPA] JustTPA initialized
[14:10:35] [Server thread/INFO]: [JustTPA] bStats enabled
[14:10:35] [Server thread/INFO]: [JustTPA] Checking for updates...
[14:10:35] [Server thread/INFO]: [SetHome] Enabling SetHome v6.1
[14:10:35] [Thread-13/INFO]: [gg.playit.minecraft.PlayitKeysSetup] secret verified, ready to connect
[14:10:35] [Thread-13/INFO]: [gg.playit.minecraft.PlayitManager] keys setup complete, ready to connect
[14:10:36] [Thread-13/WARN]: [gg.playit.control.ChannelSetup] Got IO error working with :/[2602:fbaf:840:1:0:0:0:1]:5525, error : java.net.SocketException: Network is unreachable
[14:10:37] [Server thread/INFO]: [spark] Starting background profiler...
[14:10:37] [Thread-13/INFO]: [gg.playit.control.ChannelSetup] request queued, waiting 1 second before resend
[14:10:37] [Server thread/INFO]: Starting GS4 status listener
[14:10:37] [Query Listener #1/INFO]: Query running on 0.0.0.0:9898
[14:10:37] [Server thread/INFO]: Thread Query Listener started
[14:10:37] [Server thread/INFO]: JMX monitoring enabled
[14:10:37] [Server thread/INFO]: Running delayed init tasks
[14:10:37] [Craft Scheduler Thread - 2 - ViaVersion/INFO]: [ViaVersion] Finished mapping loading, shutting down loader executor.
[14:10:38] [Server thread/INFO]: [gg.playit.minecraft.PlayitPipelineInjector] injected playit header decoder into server channel: [id: 0xd5ddfb21, L:/[0:0:0:0:0:0:0:0]:42264]
[14:10:38] [Server thread/INFO]: [gg.playit.minecraft.PlayitBukkit] playit header decoder injected into server pipeline
[14:10:38] [Server thread/INFO]: Done (40.494s)! For help, type "help"
[14:10:38] [Paper Async Task Handler Thread - 1/WARN]: *************************************************************************************
[14:10:38] [Paper Async Task Handler Thread - 1/WARN]: You are running the latest build for your Minecraft version (1.21.11)
[14:10:38] [Paper Async Task Handler Thread - 1/WARN]: However, you are 2 release(s) behind the latest stable release (26.1.2)!
[14:10:38] [Paper Async Task Handler Thread - 1/WARN]: It is recommended that you update as soon as possible
[14:10:38] [Paper Async Task Handler Thread - 1/WARN]: https://papermc.io/downloads/paper
[14:10:38] [Paper Async Task Handler Thread - 1/WARN]: *************************************************************************************
[14:10:38] [Craft Scheduler Thread - 0 - JustTPA/WARN]: [JustTPA] Failed to check for updates
[14:10:38] [Thread-13/INFO]: [gg.playit.minecraft.PlayitManager] found minecraft java tunnel: light-tracking.gl.joinmc.link
[14:10:38] [Thread-13/INFO]: playit.gg: tunnel setup
[14:10:38] [Thread-13/INFO]: playit.gg: light-tracking.gl.joinmc.link
[14:10:39] [Server thread/WARN]: [ViaVersion] There is a newer plugin version available: 5.9.0, you're on: 5.7.2
[14:10:46] [Thread-13/INFO]: [gg.playit.minecraft.PlayitManager] got new client: NewClient{connectAddr=147.185.221.18:14650, peerAddr=115.240.211.194:62173, claimAddress=209.25.143.2:43784, claimToken=[44, 0, 107, -109, -71, -35, 18, 57, 58, 115, -16, -45, -62, -14, -35, 46, -46, -116, 2, -85, 8, 105, -10, 5, -26, 0, 0, 0, 0, 0, 33, -58, 51, 0, 0, 0, 0, 0, 92, 52, 113, 0, 0, 0, 0, 0, 56, -126, 13, -113, -34, -85, 8, 0, 0, 0, 0, 28, 0, 0, 0, 0, 0, 0, 0, 2, 0, 4, 0, 37, 36, 0, -122, 6, 29, 108, 105, 103, 104, 116, 45, 116, 114, 97, 99, 107, 105, 110, 103, 46, 103, 108, 46, 106, 111, 105, 110, 109, 99, 46, 108, 105, 110, 107, 99, -35, 1, -1, 91, 126, 31, 63, 110, -23, -40, 50, 115, 27, -96, 10, -119, -62, 37], tunnelServerId=0, tunnelId=3703309, dataCenterId=28, portOffset=0}
[14:10:46] [Thread-13/INFO]: [gg.playit.minecraft.PlayitManager] starting tcp tunnel for client
[14:10:46] [Thread-13/INFO]: [gg.playit.minecraft.PlayitTcpTunnel] start connection to /209.25.143.2:43784 to claim client
[14:10:46] [nioEventLoopGroup-2-1/INFO]: [gg.playit.minecraft.PlayitTcpTunnel] connected to tunnel server, sending claim token
[14:10:46] [nioEventLoopGroup-2-1/INFO]: [gg.playit.minecraft.PlayitTcpTunnel] claim token sent
[14:10:46] [nioEventLoopGroup-2-1/INFO]: [gg.playit.minecraft.PlayitTcpTunnel] connection to tunnel server has been established
[14:10:46] [nioEventLoopGroup-2-1/INFO]: [gg.playit.minecraft.PlayitTcpTunnel] connecting to minecraft server at localhost/127.0.0.1:42264
[14:10:46] [nioEventLoopGroup-2-2/INFO]: [gg.playit.minecraft.PlayitTcpTunnel] connected to local minecraft server
[14:10:47] [Thread-13/INFO]: [gg.playit.minecraft.PlayitManager] got new client: NewClient{connectAddr=147.185.221.18:14650, peerAddr=157.51.141.172:50353, claimAddress=209.25.143.2:40712, claimToken=[44, 0, 107, -109, -71, -35, 18, 57, 58, -99, 51, -115, -84, -60, -79, -79, 95, 74, 57, -97, 8, 105, -10, 5, -25, 0, 0, 0, 0, 0, 33, -58, 51, 0, 0, 0, 0, 0, 92, 52, 113, 0, 0, 0, 0, 0, 56, -126, 13, -98, 21, -97, 8, 0, 0, 0, 0, 28, 0, 0, 0, 0, 0, 0, 0, 2, 0, 1, 0, 37, 36, 0, -122, 6, 29, 108, 105, 103, 104, 116, 45, 116, 114, 97, 99, 107, 105, 110, 103, 46, 103, 108, 46, 106, 111, 105, 110, 109, 99, 46, 108, 105, 110, 107, 99, -35, 1, -6, -11, 59, -107, 53, 57, -82, 125, -115, 74, 18, -10, -50, -20, -23, -55], tunnelServerId=0, tunnelId=3703309, dataCenterId=28, portOffset=0}
[14:10:47] [Thread-13/INFO]: [gg.playit.minecraft.PlayitManager] starting tcp tunnel for client
[14:10:47] [Thread-13/INFO]: [gg.playit.minecraft.PlayitTcpTunnel] start connection to /209.25.143.2:40712 to claim client
[14:10:47] [nioEventLoopGroup-2-3/INFO]: [gg.playit.minecraft.PlayitTcpTunnel] connected to tunnel server, sending claim token
[14:10:47] [nioEventLoopGroup-2-3/INFO]: [gg.playit.minecraft.PlayitTcpTunnel] claim token sent
[14:10:47] [nioEventLoopGroup-2-3/INFO]: [gg.playit.minecraft.PlayitTcpTunnel] connection to tunnel server has been established
[14:10:47] [nioEventLoopGroup-2-3/INFO]: [gg.playit.minecraft.PlayitTcpTunnel] connecting to minecraft server at localhost/127.0.0.1:42264
[14:10:47] [nioEventLoopGroup-2-4/INFO]: [gg.playit.minecraft.PlayitTcpTunnel] connected to local minecraft server
[14:10:47] [Netty Epoll IO #2/INFO]: [gg.playit.minecraft.PlayitHeaderDecoder] parsed playit header, true client IP: /157.51.141.172:50353
[14:10:47] [Netty Epoll IO #2/INFO]: [gg.playit.minecraft.PlayitHeaderDecoder] updated connection address on handler: packet_handler
[14:10:47] [Netty Epoll IO #1/INFO]: [gg.playit.minecraft.PlayitHeaderDecoder] parsed playit header, true client IP: /115.240.211.194:62173
[14:10:47] [Netty Epoll IO #1/INFO]: [gg.playit.minecraft.PlayitHeaderDecoder] updated connection address on handler: packet_handler
[14:10:47] [Thread-13/INFO]: [gg.playit.minecraft.PlayitManager] got new client: NewClient{connectAddr=147.185.221.18:14650, peerAddr=157.51.141.172:50356, claimAddress=209.25.143.2:40712, claimToken=[44, 0, 106, -109, -71, -35, 18, 57, 58, -99, 51, -115, -84, -60, -76, 77, 23, 15, 36, -97, 8, 105, -10, 5, -25, 0, 0, 0, 0, 0, 33, -58, 51, 0, 0, 0, 0, 0, 92, 52, 113, 0, 0, 0, 0, 0, 56, -126, 13, -120, 1, -97, 8, 0, 0, 0, 0, 28, 0, 0, 0, 0, 0, 0, 0, 2, 0, 0, 0, 36, 35, 0, -122, 6, 28, 108, 105, 103, 104, 116, 45, 116, 114, 97, 99, 107, 105, 110, 103, 46, 103, 108, 46, 97, 116, 46, 112, 108, 121, 46, 103, 103, 46, 57, 58, 2, 89, -8, -45, -127, 36, 83, -60, 4, 5, 0, -76, 77, -10, -105, 59, 94], tunnelServerId=0, tunnelId=3703309, dataCenterId=28, portOffset=0}
[14:10:47] [Thread-13/INFO]: [gg.playit.minecraft.PlayitManager] starting tcp tunnel for client
[14:10:47] [Thread-13/INFO]: [gg.playit.minecraft.PlayitTcpTunnel] start connection to /209.25.143.2:40712 to claim client
[14:10:47] [nioEventLoopGroup-2-1/INFO]: [gg.playit.minecraft.PlayitTcpTunnel] connected to tunnel server, sending claim token
[14:10:47] [nioEventLoopGroup-2-1/INFO]: [gg.playit.minecraft.PlayitTcpTunnel] claim token sent
[14:10:47] [nioEventLoopGroup-2-1/INFO]: [gg.playit.minecraft.PlayitTcpTunnel] connection to tunnel server has been established
[14:10:47] [nioEventLoopGroup-2-1/INFO]: [gg.playit.minecraft.PlayitTcpTunnel] connecting to minecraft server at localhost/127.0.0.1:42264
[14:10:47] [nioEventLoopGroup-2-2/INFO]: [gg.playit.minecraft.PlayitTcpTunnel] connected to local minecraft server
[14:10:47] [Netty Epoll IO #3/INFO]: [gg.playit.minecraft.PlayitHeaderDecoder] parsed playit header, true client IP: /157.51.141.172:50356
[14:10:47] [Netty Epoll IO #3/INFO]: [gg.playit.minecraft.PlayitHeaderDecoder] updated connection address on handler: packet_handler
[14:10:48] [User Authenticator #0/INFO]: UUID of player iamrkproboss is 6ea73cb1-e27b-3c91-8bb4-0d49cd46b260
[14:10:50] [Server thread/INFO]: iamrkproboss joined the game
[14:10:50] [Server thread/INFO]: iamrkproboss[/157.51.141.172:50356] logged in with entity id 510 at ([world_nether]-184.19414192275212, 233.02868196615077, 177.69417734225217)
[14:13:48] [Server thread/INFO]: iamrkproboss was kicked due to keepalive timeout!
[14:13:48] [Server thread/INFO]: iamrkproboss lost connection: Timed out
[14:13:48] [nioEventLoopGroup-2-2/WARN]: [gg.playit.minecraft.PlayitTcpTunnel] failed to send data to minecraft server
[14:13:48] [nioEventLoopGroup-2-1/WARN]: [gg.playit.minecraft.PlayitTcpTunnel] failed to send data to tunnel
[14:13:48] [nioEventLoopGroup-2-1/WARN]: [gg.playit.minecraft.PlayitTcpTunnel] failed to send data to tunnel
[14:13:48] [nioEventLoopGroup-2-1/WARN]: [gg.playit.minecraft.PlayitTcpTunnel] failed to send data to tunnel
[14:13:48] [nioEventLoopGroup-2-1/WARN]: [gg.playit.minecraft.PlayitTcpTunnel] failed to send data to tunnel
[14:13:48] [nioEventLoopGroup-2-1/WARN]: [gg.playit.minecraft.PlayitTcpTunnel] failed to send data to tunnel
[14:13:48] [nioEventLoopGroup-2-1/WARN]: [gg.playit.minecraft.PlayitTcpTunnel] failed to send data to tunnel
[14:13:48] [nioEventLoopGroup-2-1/WARN]: [gg.playit.minecraft.PlayitTcpTunnel] failed to send data to tunnel
[14:13:48] [nioEventLoopGroup-2-1/WARN]: [gg.playit.minecraft.PlayitTcpTunnel] failed to send data to tunnel
[14:13:48] [nioEventLoopGroup-2-1/WARN]: [gg.playit.minecraft.PlayitTcpTunnel] failed to send data to tunnel
[14:13:48] [nioEventLoopGroup-2-1/WARN]: [gg.playit.minecraft.PlayitTcpTunnel] failed to send data to tunnel
[14:13:48] [nioEventLoopGroup-2-1/WARN]: [gg.playit.minecraft.PlayitTcpTunnel] failed to send data to tunnel
[14:13:48] [nioEventLoopGroup-2-1/WARN]: [gg.playit.minecraft.PlayitTcpTunnel] failed to send data to tunnel
[14:13:48] [nioEventLoopGroup-2-1/WARN]: [gg.playit.minecraft.PlayitTcpTunnel] failed to send data to tunnel
[14:13:48] [nioEventLoopGroup-2-1/WARN]: [gg.playit.minecraft.PlayitTcpTunnel] failed to send data to tunnel
[14:13:48] [nioEventLoopGroup-2-1/WARN]: [gg.playit.minecraft.PlayitTcpTunnel] failed to send data to tunnel
[14:13:48] [nioEventLoopGroup-2-1/WARN]: [gg.playit.minecraft.PlayitTcpTunnel] failed to send data to tunnel
[14:13:48] [nioEventLoopGroup-2-1/WARN]: [gg.playit.minecraft.PlayitTcpTunnel] failed to send data to tunnel
[14:13:48] [nioEventLoopGroup-2-1/WARN]: [gg.playit.minecraft.PlayitTcpTunnel] failed to send data to tunnel
[14:13:48] [nioEventLoopGroup-2-1/WARN]: [gg.playit.minecraft.PlayitTcpTunnel] failed to send data to tunnel
[14:13:48] [nioEventLoopGroup-2-1/WARN]: [gg.playit.minecraft.PlayitTcpTunnel] failed to send data to tunnel
[14:13:48] [nioEventLoopGroup-2-1/WARN]: [gg.playit.minecraft.PlayitTcpTunnel] failed to send data to tunnel
[14:13:48] [nioEventLoopGroup-2-1/WARN]: [gg.playit.minecraft.PlayitTcpTunnel] failed to send data to tunnel
[14:13:48] [nioEventLoopGroup-2-1/WARN]: [gg.playit.minecraft.PlayitTcpTunnel] failed to send data to tunnel
[14:13:48] [nioEventLoopGroup-2-1/WARN]: [gg.playit.minecraft.PlayitTcpTunnel] failed to send data to tunnel
[14:13:48] [nioEventLoopGroup-2-1/WARN]: [gg.playit.minecraft.PlayitTcpTunnel] failed to send data to tunnel
[14:13:48] [nioEventLoopGroup-2-1/WARN]: [gg.playit.minecraft.PlayitTcpTunnel] failed to send data to tunnel
[14:13:48] [nioEventLoopGroup-2-1/WARN]: [gg.playit.minecraft.PlayitTcpTunnel] failed to send data to tunnel
[14:13:48] [nioEventLoopGroup-2-1/WARN]: [gg.playit.minecraft.PlayitTcpTunnel] failed to send data to tunnel
[14:13:48] [nioEventLoopGroup-2-1/WARN]: [gg.playit.minecraft.PlayitTcpTunnel] failed to send data to tunnel
[14:13:48] [nioEventLoopGroup-2-1/WARN]: [gg.playit.minecraft.PlayitTcpTunnel] failed to send data to tunnel
[14:13:48] [nioEventLoopGroup-2-1/WARN]: [gg.playit.minecraft.PlayitTcpTunnel] failed to send data to tunnel
[14:13:48] [nioEventLoopGroup-2-1/WARN]: [gg.playit.minecraft.PlayitTcpTunnel] failed to send data to tunnel
[14:13:48] [nioEventLoopGroup-2-1/WARN]: [gg.playit.minecraft.PlayitTcpTunnel] failed to send data to tunnel
[14:13:48] [nioEventLoopGroup-2-1/WARN]: [gg.playit.minecraft.PlayitTcpTunnel] failed to send data to tunnel
[14:13:48] [nioEventLoopGroup-2-1/WARN]: [gg.playit.minecraft.PlayitTcpTunnel] failed to send data to tunnel
[14:13:48] [nioEventLoopGroup-2-1/WARN]: [gg.playit.minecraft.PlayitTcpTunnel] failed to send data to tunnel
[14:13:48] [nioEventLoopGroup-2-1/WARN]: [gg.playit.minecraft.PlayitTcpTunnel] failed to send data to tunnel
[14:13:48] [nioEventLoopGroup-2-1/WARN]: [gg.playit.minecraft.PlayitTcpTunnel] failed to send data to tunnel
[14:13:48] [nioEventLoopGroup-2-1/WARN]: [gg.playit.minecraft.PlayitTcpTunnel] failed to send data to tunnel
[14:13:48] [nioEventLoopGroup-2-1/WARN]: [gg.playit.minecraft.PlayitTcpTunnel] failed to send data to tunnel
[14:13:48] [nioEventLoopGroup-2-1/WARN]: [gg.playit.minecraft.PlayitTcpTunnel] failed to send data to tunnel
[14:13:48] [nioEventLoopGroup-2-1/WARN]: [gg.playit.minecraft.PlayitTcpTunnel] failed to send data to tunnel
[14:13:48] [nioEventLoopGroup-2-1/WARN]: [gg.playit.minecraft.PlayitTcpTunnel] failed to send data to tunnel
[14:13:48] [nioEventLoopGroup-2-1/WARN]: [gg.playit.minecraft.PlayitTcpTunnel] failed to send data to tunnel
[14:13:48] [nioEventLoopGroup-2-1/WARN]: [gg.playit.minecraft.PlayitTcpTunnel] failed to send data to tunnel
[14:13:48] [nioEventLoopGroup-2-1/WARN]: [gg.playit.minecraft.PlayitTcpTunnel] failed to send data to tunnel
[14:13:48] [nioEventLoopGroup-2-1/WARN]: [gg.playit.minecraft.PlayitTcpTunnel] failed to send data to tunnel
[14:13:48] [nioEventLoopGroup-2-1/WARN]: [gg.playit.minecraft.PlayitTcpTunnel] failed to send data to tunnel
[14:13:48] [nioEventLoopGroup-2-1/WARN]: [gg.playit.minecraft.PlayitTcpTunnel] failed to send data to tunnel
[14:13:48] [nioEventLoopGroup-2-1/WARN]: [gg.playit.minecraft.PlayitTcpTunnel] failed to send data to tunnel
[14:13:48] [nioEventLoopGroup-2-1/WARN]: [gg.playit.minecraft.PlayitTcpTunnel] failed to send data to tunnel
[14:13:48] [nioEventLoopGroup-2-1/WARN]: [gg.playit.minecraft.PlayitTcpTunnel] failed to send data to tunnel
[14:13:48] [nioEventLoopGroup-2-1/WARN]: [gg.playit.minecraft.PlayitTcpTunnel] failed to send data to tunnel
[14:13:48] [nioEventLoopGroup-2-1/WARN]: [gg.playit.minecraft.PlayitTcpTunnel] failed to send data to tunnel
[14:13:48] [nioEventLoopGroup-2-1/WARN]: [gg.playit.minecraft.PlayitTcpTunnel] failed to send data to tunnel
[14:13:48] [nioEventLoopGroup-2-1/WARN]: [gg.playit.minecraft.PlayitTcpTunnel] failed to send data to tunnel
[14:13:48] [nioEventLoopGroup-2-1/WARN]: [gg.playit.minecraft.PlayitTcpTunnel] failed to send data to tunnel
[14:13:48] [nioEventLoopGroup-2-1/WARN]: [gg.playit.minecraft.PlayitTcpTunnel] failed to send data to tunnel
[14:13:48] [nioEventLoopGroup-2-1/WARN]: [gg.playit.minecraft.PlayitTcpTunnel] failed to send data to tunnel
[14:13:48] [nioEventLoopGroup-2-1/WARN]: [gg.playit.minecraft.PlayitTcpTunnel] failed to send data to tunnel
[14:13:48] [nioEventLoopGroup-2-1/WARN]: [gg.playit.minecraft.PlayitTcpTunnel] failed to send data to tunnel
[14:13:48] [nioEventLoopGroup-2-1/WARN]: [gg.playit.minecraft.PlayitTcpTunnel] failed to send data to tunnel
[14:13:48] [nioEventLoopGroup-2-1/WARN]: [gg.playit.minecraft.PlayitTcpTunnel] failed to send data to tunnel
[14:13:48] [nioEventLoopGroup-2-1/WARN]: [gg.playit.minecraft.PlayitTcpTunnel] failed to send data to tunnel
[14:13:48] [nioEventLoopGroup-2-1/WARN]: [gg.playit.minecraft.PlayitTcpTunnel] failed to send data to tunnel
[14:13:48] [nioEventLoopGroup-2-1/WARN]: [gg.playit.minecraft.PlayitTcpTunnel] failed to send data to tunnel
[14:13:48] [nioEventLoopGroup-2-1/WARN]: [gg.playit.minecraft.PlayitTcpTunnel] failed to send data to tunnel
[14:13:48] [nioEventLoopGroup-2-1/WARN]: [gg.playit.minecraft.PlayitTcpTunnel] failed to send data to tunnel
[14:13:48] [nioEventLoopGroup-2-1/WARN]: [gg.playit.minecraft.PlayitTcpTunnel] failed to send data to tunnel
[14:13:48] [nioEventLoopGroup-2-1/WARN]: [gg.playit.minecraft.PlayitTcpTunnel] failed to send data to tunnel
[14:13:48] [nioEventLoopGroup-2-1/WARN]: [gg.playit.minecraft.PlayitTcpTunnel] failed to send data to tunnel
[14:13:48] [nioEventLoopGroup-2-1/WARN]: [gg.playit.minecraft.PlayitTcpTunnel] failed to send data to tunnel
[14:13:48] [nioEventLoopGroup-2-1/WARN]: [gg.playit.minecraft.PlayitTcpTunnel] failed to send data to tunnel
[14:13:48] [nioEventLoopGroup-2-1/WARN]: [gg.playit.minecraft.PlayitTcpTunnel] failed to send data to tunnel
[14:13:48] [nioEventLoopGroup-2-1/WARN]: [gg.playit.minecraft.PlayitTcpTunnel] failed to send data to tunnel
[14:13:48] [nioEventLoopGroup-2-1/WARN]: [gg.playit.minecraft.PlayitTcpTunnel] failed to send data to tunnel
[14:13:48] [nioEventLoopGroup-2-1/WARN]: [gg.playit.minecraft.PlayitTcpTunnel] failed to send data to tunnel
[14:13:48] [nioEventLoopGroup-2-1/WARN]: [gg.playit.minecraft.PlayitTcpTunnel] failed to send data to tunnel
[14:13:48] [nioEventLoopGroup-2-1/WARN]: [gg.playit.minecraft.PlayitTcpTunnel] failed to send data to tunnel
[14:13:48] [nioEventLoopGroup-2-1/WARN]: [gg.playit.minecraft.PlayitTcpTunnel] failed to send data to tunnel
[14:13:48] [nioEventLoopGroup-2-1/WARN]: [gg.playit.minecraft.PlayitTcpTunnel] failed to send data to tunnel
[14:13:48] [nioEventLoopGroup-2-1/WARN]: [gg.playit.minecraft.PlayitTcpTunnel] failed to send data to tunnel
[14:13:48] [nioEventLoopGroup-2-1/WARN]: [gg.playit.minecraft.PlayitTcpTunnel] failed to send data to tunnel
[14:13:48] [nioEventLoopGroup-2-1/WARN]: [gg.playit.minecraft.PlayitTcpTunnel] failed to send data to tunnel
[14:13:48] [nioEventLoopGroup-2-1/WARN]: [gg.playit.minecraft.PlayitTcpTunnel] failed to send data to tunnel
[14:13:48] [nioEventLoopGroup-2-1/WARN]: [gg.playit.minecraft.PlayitTcpTunnel] failed to send data to tunnel
[14:13:48] [nioEventLoopGroup-2-1/WARN]: [gg.playit.minecraft.PlayitTcpTunnel] failed to send data to tunnel
[14:13:48] [nioEventLoopGroup-2-1/WARN]: [gg.playit.minecraft.PlayitTcpTunnel] failed to send data to tunnel
[14:13:48] [nioEventLoopGroup-2-1/WARN]: [gg.playit.minecraft.PlayitTcpTunnel] failed to send data to tunnel
[14:13:48] [nioEventLoopGroup-2-1/WARN]: [gg.playit.minecraft.PlayitTcpTunnel] failed to send data to tunnel
[14:13:48] [nioEventLoopGroup-2-1/WARN]: [gg.playit.minecraft.PlayitTcpTunnel] failed to send data to tunnel
[14:13:48] [nioEventLoopGroup-2-1/WARN]: [gg.playit.minecraft.PlayitTcpTunnel] failed to send data to tunnel
[14:13:48] [nioEventLoopGroup-2-1/WARN]: [gg.playit.minecraft.PlayitTcpTunnel] failed to send data to tunnel
[14:13:48] [nioEventLoopGroup-2-1/WARN]: [gg.playit.minecraft.PlayitTcpTunnel] failed to send data to tunnel
[14:13:48] [nioEventLoopGroup-2-1/WARN]: [gg.playit.minecraft.PlayitTcpTunnel] failed to send data to tunnel
[14:13:48] [nioEventLoopGroup-2-1/WARN]: [gg.playit.minecraft.PlayitTcpTunnel] failed to send data to tunnel
[14:13:48] [nioEventLoopGroup-2-1/WARN]: [gg.playit.minecraft.PlayitTcpTunnel] failed to send data to tunnel
[14:13:48] [nioEventLoopGroup-2-1/WARN]: [gg.playit.minecraft.PlayitTcpTunnel] failed to send data to tunnel
[14:13:48] [nioEventLoopGroup-2-1/WARN]: [gg.playit.minecraft.PlayitTcpTunnel] failed to send data to tunnel
[14:13:48] [nioEventLoopGroup-2-1/WARN]: [gg.playit.minecraft.PlayitTcpTunnel] failed to send data to tunnel
[14:13:48] [nioEventLoopGroup-2-1/WARN]: [gg.playit.minecraft.PlayitTcpTunnel] failed to send data to tunnel
[14:13:48] [nioEventLoopGroup-2-1/WARN]: [gg.playit.minecraft.PlayitTcpTunnel] failed to send data to tunnel
[14:13:48] [nioEventLoopGroup-2-1/WARN]: [gg.playit.minecraft.PlayitTcpTunnel] failed to send data to tunnel
[14:13:48] [nioEventLoopGroup-2-1/WARN]: [gg.playit.minecraft.PlayitTcpTunnel] failed to send data to tunnel
[14:13:48] [nioEventLoopGroup-2-1/WARN]: [gg.playit.minecraft.PlayitTcpTunnel] failed to send data to tunnel
[14:13:48] [nioEventLoopGroup-2-1/WARN]: [gg.playit.minecraft.PlayitTcpTunnel] failed to send data to tunnel
[14:13:48] [nioEventLoopGroup-2-1/WARN]: [gg.playit.minecraft.PlayitTcpTunnel] failed to send data to tunnel
[14:13:48] [nioEventLoopGroup-2-1/WARN]: [gg.playit.minecraft.PlayitTcpTunnel] failed to send data to tunnel
[14:13:48] [nioEventLoopGroup-2-1/WARN]: [gg.playit.minecraft.PlayitTcpTunnel] failed to send data to tunnel
[14:13:48] [nioEventLoopGroup-2-1/WARN]: [gg.playit.minecraft.PlayitTcpTunnel] failed to send data to tunnel
[14:13:48] [nioEventLoopGroup-2-1/WARN]: [gg.playit.minecraft.PlayitTcpTunnel] failed to send data to tunnel
[14:13:48] [nioEventLoopGroup-2-1/WARN]: [gg.playit.minecraft.PlayitTcpTunnel] failed to send data to tunnel
[14:13:48] [nioEventLoopGroup-2-1/WARN]: [gg.playit.minecraft.PlayitTcpTunnel] failed to send data to tunnel
[14:13:48] [nioEventLoopGroup-2-1/WARN]: [gg.playit.minecraft.PlayitTcpTunnel] failed to send data to tunnel
[14:13:48] [nioEventLoopGroup-2-1/WARN]: [gg.playit.minecraft.PlayitTcpTunnel] failed to send data to tunnel
[14:13:48] [nioEventLoopGroup-2-1/WARN]: [gg.playit.minecraft.PlayitTcpTunnel] failed to send data to tunnel
[14:13:48] [nioEventLoopGroup-2-1/WARN]: [gg.playit.minecraft.PlayitTcpTunnel] failed to send data to tunnel
[14:13:48] [nioEventLoopGroup-2-1/WARN]: [gg.playit.minecraft.PlayitTcpTunnel] failed to send data to tunnel
[14:13:48] [nioEventLoopGroup-2-1/WARN]: [gg.playit.minecraft.PlayitTcpTunnel] failed to send data to tunnel
[14:13:48] [nioEventLoopGroup-2-1/WARN]: [gg.playit.minecraft.PlayitTcpTunnel] failed to send data to tunnel
[14:13:48] [nioEventLoopGroup-2-1/WARN]: [gg.playit.minecraft.PlayitTcpTunnel] failed to send data to tunnel
[14:13:48] [nioEventLoopGroup-2-1/WARN]: [gg.playit.minecraft.PlayitTcpTunnel] failed to send data to tunnel
[14:13:48] [nioEventLoopGroup-2-1/WARN]: [gg.playit.minecraft.PlayitTcpTunnel] failed to send data to tunnel
[14:13:48] [nioEventLoopGroup-2-1/WARN]: [gg.playit.minecraft.PlayitTcpTunnel] failed to send data to tunnel
[14:13:48] [nioEventLoopGroup-2-1/WARN]: [gg.playit.minecraft.PlayitTcpTunnel] failed to send data to tunnel
[14:13:48] [nioEventLoopGroup-2-1/WARN]: [gg.playit.minecraft.PlayitTcpTunnel] failed to send data to tunnel
[14:13:48] [nioEventLoopGroup-2-1/WARN]: [gg.playit.minecraft.PlayitTcpTunnel] failed to send data to tunnel
[14:13:48] [nioEventLoopGroup-2-1/WARN]: [gg.playit.minecraft.PlayitTcpTunnel] failed to send data to tunnel
[14:13:48] [nioEventLoopGroup-2-1/WARN]: [gg.playit.minecraft.PlayitTcpTunnel] failed to send data to tunnel
[14:13:48] [nioEventLoopGroup-2-1/WARN]: [gg.playit.minecraft.PlayitTcpTunnel] failed to send data to tunnel
[14:13:48] [nioEventLoopGroup-2-1/WARN]: [gg.playit.minecraft.PlayitTcpTunnel] failed to send data to tunnel
[14:13:48] [nioEventLoopGroup-2-1/WARN]: [gg.playit.minecraft.PlayitTcpTunnel] failed to send data to tunnel
[14:13:48] [nioEventLoopGroup-2-1/WARN]: [gg.playit.minecraft.PlayitTcpTunnel] failed to send data to tunnel
[14:13:48] [nioEventLoopGroup-2-1/WARN]: [gg.playit.minecraft.PlayitTcpTunnel] failed to send data to tunnel
[14:13:48] [nioEventLoopGroup-2-1/WARN]: [gg.playit.minecraft.PlayitTcpTunnel] failed to send data to tunnel
[14:13:48] [nioEventLoopGroup-2-1/WARN]: [gg.playit.minecraft.PlayitTcpTunnel] failed to send data to tunnel
[14:13:48] [nioEventLoopGroup-2-1/WARN]: [gg.playit.minecraft.PlayitTcpTunnel] failed to send data to tunnel
[14:13:48] [nioEventLoopGroup-2-1/WARN]: [gg.playit.minecraft.PlayitTcpTunnel] failed to send data to tunnel
[14:13:48] [nioEventLoopGroup-2-1/WARN]: [gg.playit.minecraft.PlayitTcpTunnel] failed to send data to tunnel
[14:13:48] [nioEventLoopGroup-2-1/WARN]: [gg.playit.minecraft.PlayitTcpTunnel] failed to send data to tunnel
[14:13:48] [nioEventLoopGroup-2-1/WARN]: [gg.playit.minecraft.PlayitTcpTunnel] failed to send data to tunnel
[14:13:48] [nioEventLoopGroup-2-1/WARN]: [gg.playit.minecraft.PlayitTcpTunnel] failed to send data to tunnel
[14:13:48] [nioEventLoopGroup-2-1/WARN]: [gg.playit.minecraft.PlayitTcpTunnel] failed to send data to tunnel
[14:13:48] [nioEventLoopGroup-2-1/WARN]: [gg.playit.minecraft.PlayitTcpTunnel] failed to send data to tunnel
[14:13:48] [nioEventLoopGroup-2-1/WARN]: [gg.playit.minecraft.PlayitTcpTunnel] failed to send data to tunnel
[14:13:48] [nioEventLoopGroup-2-1/WARN]: [gg.playit.minecraft.PlayitTcpTunnel] failed to send data to tunnel
[14:13:48] [nioEventLoopGroup-2-1/WARN]: [gg.playit.minecraft.PlayitTcpTunnel] failed to send data to tunnel
[14:13:48] [nioEventLoopGroup-2-1/WARN]: [gg.playit.minecraft.PlayitTcpTunnel] failed to send data to tunnel
[14:13:48] [nioEventLoopGroup-2-1/WARN]: [gg.playit.minecraft.PlayitTcpTunnel] failed to send data to tunnel
[14:13:48] [nioEventLoopGroup-2-1/WARN]: [gg.playit.minecraft.PlayitTcpTunnel] failed to send data to tunnel
[14:13:48] [nioEventLoopGroup-2-1/WARN]: [gg.playit.minecraft.PlayitTcpTunnel] failed to send data to tunnel
[14:13:48] [nioEventLoopGroup-2-1/WARN]: [gg.playit.minecraft.PlayitTcpTunnel] failed to send data to tunnel
[14:13:48] [nioEventLoopGroup-2-1/WARN]: [gg.playit.minecraft.PlayitTcpTunnel] failed to send data to tunnel
[14:13:48] [nioEventLoopGroup-2-1/WARN]: [gg.playit.minecraft.PlayitTcpTunnel] failed to send data to tunnel
[14:13:48] [nioEventLoopGroup-2-1/WARN]: [gg.playit.minecraft.PlayitTcpTunnel] failed to send data to tunnel
[14:13:48] [nioEventLoopGroup-2-1/WARN]: [gg.playit.minecraft.PlayitTcpTunnel] failed to send data to tunnel
[14:13:48] [nioEventLoopGroup-2-1/WARN]: [gg.playit.minecraft.PlayitTcpTunnel] failed to send data to tunnel
[14:13:48] [nioEventLoopGroup-2-1/WARN]: [gg.playit.minecraft.PlayitTcpTunnel] failed to send data to tunnel
[14:13:48] [nioEventLoopGroup-2-1/WARN]: [gg.playit.minecraft.PlayitTcpTunnel] failed to send data to tunnel
[14:13:48] [nioEventLoopGroup-2-1/WARN]: [gg.playit.minecraft.PlayitTcpTunnel] failed to send data to tunnel
[14:13:48] [nioEventLoopGroup-2-1/WARN]: [gg.playit.minecraft.PlayitTcpTunnel] failed to send data to tunnel
[14:13:48] [nioEventLoopGroup-2-1/WARN]: [gg.playit.minecraft.PlayitTcpTunnel] failed to send data to tunnel
[14:13:48] [nioEventLoopGroup-2-1/WARN]: [gg.playit.minecraft.PlayitTcpTunnel] failed to send data to tunnel
[14:13:48] [nioEventLoopGroup-2-1/WARN]: [gg.playit.minecraft.PlayitTcpTunnel] failed to send data to tunnel
[14:13:48] [nioEventLoopGroup-2-1/WARN]: [gg.playit.minecraft.PlayitTcpTunnel] failed to send data to tunnel
[14:13:48] [nioEventLoopGroup-2-1/WARN]: [gg.playit.minecraft.PlayitTcpTunnel] failed to send data to tunnel
[14:13:48] [nioEventLoopGroup-2-1/WARN]: [gg.playit.minecraft.PlayitTcpTunnel] failed to send data to tunnel
[14:13:48] [nioEventLoopGroup-2-1/WARN]: [gg.playit.minecraft.PlayitTcpTunnel] failed to send data to tunnel
[14:13:48] [nioEventLoopGroup-2-1/WARN]: [gg.playit.minecraft.PlayitTcpTunnel] failed to send data to tunnel
[14:13:48] [nioEventLoopGroup-2-1/WARN]: [gg.playit.minecraft.PlayitTcpTunnel] failed to send data to tunnel
[14:13:48] [nioEventLoopGroup-2-1/WARN]: [gg.playit.minecraft.PlayitTcpTunnel] failed to send data to tunnel
[14:13:48] [nioEventLoopGroup-2-1/WARN]: [gg.playit.minecraft.PlayitTcpTunnel] failed to send data to tunnel
[14:13:48] [nioEventLoopGroup-2-1/WARN]: [gg.playit.minecraft.PlayitTcpTunnel] failed to send data to tunnel
[14:13:48] [nioEventLoopGroup-2-1/WARN]: [gg.playit.minecraft.PlayitTcpTunnel] failed to send data to tunnel
[14:13:48] [nioEventLoopGroup-2-1/WARN]: [gg.playit.minecraft.PlayitTcpTunnel] failed to send data to tunnel
[14:13:48] [nioEventLoopGroup-2-1/WARN]: [gg.playit.minecraft.PlayitTcpTunnel] failed to send data to tunnel
[14:13:48] [nioEventLoopGroup-2-1/WARN]: [gg.playit.minecraft.PlayitTcpTunnel] failed to send data to tunnel
[14:13:48] [nioEventLoopGroup-2-1/WARN]: [gg.playit.minecraft.PlayitTcpTunnel] failed to send data to tunnel
[14:13:48] [nioEventLoopGroup-2-1/WARN]: [gg.playit.minecraft.PlayitTcpTunnel] failed to send data to tunnel
[14:13:48] [nioEventLoopGroup-2-1/WARN]: [gg.playit.minecraft.PlayitTcpTunnel] failed to send data to tunnel
[14:13:48] [nioEventLoopGroup-2-1/WARN]: [gg.playit.minecraft.PlayitTcpTunnel] failed to send data to tunnel
[14:13:48] [nioEventLoopGroup-2-1/WARN]: [gg.playit.minecraft.PlayitTcpTunnel] failed to send data to tunnel
[14:13:48] [nioEventLoopGroup-2-1/WARN]: [gg.playit.minecraft.PlayitTcpTunnel] failed to send data to tunnel
[14:13:48] [nioEventLoopGroup-2-1/WARN]: [gg.playit.minecraft.PlayitTcpTunnel] failed to send data to tunnel
[14:13:48] [nioEventLoopGroup-2-1/WARN]: [gg.playit.minecraft.PlayitTcpTunnel] failed to send data to tunnel
[14:13:48] [nioEventLoopGroup-2-1/WARN]: [gg.playit.minecraft.PlayitTcpTunnel] failed to send data to tunnel
[14:13:48] [nioEventLoopGroup-2-1/WARN]: [gg.playit.minecraft.PlayitTcpTunnel] failed to send data to tunnel
[14:13:48] [nioEventLoopGroup-2-1/WARN]: [gg.playit.minecraft.PlayitTcpTunnel] failed to send data to tunnel
[14:13:48] [nioEventLoopGroup-2-1/WARN]: [gg.playit.minecraft.PlayitTcpTunnel] failed to send data to tunnel
[14:13:48] [nioEventLoopGroup-2-1/WARN]: [gg.playit.minecraft.PlayitTcpTunnel] failed to send data to tunnel
[14:13:48] [nioEventLoopGroup-2-1/WARN]: [gg.playit.minecraft.PlayitTcpTunnel] failed to send data to tunnel
[14:13:48] [nioEventLoopGroup-2-1/WARN]: [gg.playit.minecraft.PlayitTcpTunnel] failed to send data to tunnel
[14:13:48] [nioEventLoopGroup-2-1/WARN]: [gg.playit.minecraft.PlayitTcpTunnel] failed to send data to tunnel
[14:13:48] [nioEventLoopGroup-2-1/WARN]: [gg.playit.minecraft.PlayitTcpTunnel] failed to send data to tunnel
[14:13:48] [nioEventLoopGroup-2-1/WARN]: [gg.playit.minecraft.PlayitTcpTunnel] failed to send data to tunnel
[14:13:48] [nioEventLoopGroup-2-1/WARN]: [gg.playit.minecraft.PlayitTcpTunnel] failed to send data to tunnel
[14:13:48] [nioEventLoopGroup-2-1/WARN]: [gg.playit.minecraft.PlayitTcpTunnel] failed to send data to tunnel
[14:13:48] [nioEventLoopGroup-2-1/WARN]: [gg.playit.minecraft.PlayitTcpTunnel] failed to send data to tunnel
[14:13:48] [nioEventLoopGroup-2-1/WARN]: [gg.playit.minecraft.PlayitTcpTunnel] failed to send data to tunnel
[14:13:48] [nioEventLoopGroup-2-1/WARN]: [gg.playit.minecraft.PlayitTcpTunnel] failed to send data to tunnel
[14:13:48] [nioEventLoopGroup-2-1/WARN]: [gg.playit.minecraft.PlayitTcpTunnel] failed to send data to tunnel
[14:13:48] [nioEventLoopGroup-2-1/WARN]: [gg.playit.minecraft.PlayitTcpTunnel] failed to send data to tunnel
[14:13:48] [nioEventLoopGroup-2-1/WARN]: [gg.playit.minecraft.PlayitTcpTunnel] failed to send data to tunnel
[14:13:48] [nioEventLoopGroup-2-1/WARN]: [gg.playit.minecraft.PlayitTcpTunnel] failed to send data to tunnel
[14:13:48] [nioEventLoopGroup-2-1/WARN]: [gg.playit.minecraft.PlayitTcpTunnel] failed to send data to tunnel
[14:13:48] [nioEventLoopGroup-2-1/WARN]: [gg.playit.minecraft.PlayitTcpTunnel] failed to send data to tunnel
[14:13:48] [nioEventLoopGroup-2-1/WARN]: [gg.playit.minecraft.PlayitTcpTunnel] failed to send data to tunnel
[14:13:48] [nioEventLoopGroup-2-1/WARN]: [gg.playit.minecraft.PlayitTcpTunnel] failed to send data to tunnel
[14:13:48] [nioEventLoopGroup-2-1/WARN]: [gg.playit.minecraft.PlayitTcpTunnel] failed to send data to tunnel
[14:13:48] [nioEventLoopGroup-2-1/WARN]: [gg.playit.minecraft.PlayitTcpTunnel] failed to send data to tunnel
[14:13:48] [nioEventLoopGroup-2-1/WARN]: [gg.playit.minecraft.PlayitTcpTunnel] failed to send data to tunnel
[14:13:48] [nioEventLoopGroup-2-1/WARN]: [gg.playit.minecraft.PlayitTcpTunnel] failed to send data to tunnel
[14:13:48] [nioEventLoopGroup-2-1/WARN]: [gg.playit.minecraft.PlayitTcpTunnel] failed to send data to tunnel
[14:13:48] [nioEventLoopGroup-2-1/WARN]: [gg.playit.minecraft.PlayitTcpTunnel] failed to send data to tunnel
[14:13:48] [nioEventLoopGroup-2-1/WARN]: [gg.playit.minecraft.PlayitTcpTunnel] failed to send data to tunnel
[14:13:48] [nioEventLoopGroup-2-1/WARN]: [gg.playit.minecraft.PlayitTcpTunnel] failed to send data to tunnel
[14:13:48] [nioEventLoopGroup-2-1/WARN]: [gg.playit.minecraft.PlayitTcpTunnel] failed to send data to tunnel
[14:13:48] [nioEventLoopGroup-2-1/WARN]: [gg.playit.minecraft.PlayitTcpTunnel] failed to send data to tunnel
[14:13:48] [nioEventLoopGroup-2-1/WARN]: [gg.playit.minecraft.PlayitTcpTunnel] failed to send data to tunnel
[14:13:48] [nioEventLoopGroup-2-1/WARN]: [gg.playit.minecraft.PlayitTcpTunnel] failed to send data to tunnel
[14:13:48] [nioEventLoopGroup-2-1/WARN]: [gg.playit.minecraft.PlayitTcpTunnel] failed to send data to tunnel
[14:13:48] [nioEventLoopGroup-2-1/WARN]: [gg.playit.minecraft.PlayitTcpTunnel] failed to send data to tunnel
[14:13:48] [nioEventLoopGroup-2-1/WARN]: [gg.playit.minecraft.PlayitTcpTunnel] failed to send data to tunnel
[14:13:48] [nioEventLoopGroup-2-1/WARN]: [gg.playit.minecraft.PlayitTcpTunnel] failed to send data to tunnel
[14:13:48] [nioEventLoopGroup-2-1/WARN]: [gg.playit.minecraft.PlayitTcpTunnel] failed to send data to tunnel
[14:13:48] [nioEventLoopGroup-2-1/WARN]: [gg.playit.minecraft.PlayitTcpTunnel] failed to send data to tunnel
[14:13:48] [nioEventLoopGroup-2-1/WARN]: [gg.playit.minecraft.PlayitTcpTunnel] failed to send data to tunnel
[14:13:48] [nioEventLoopGroup-2-1/WARN]: [gg.playit.minecraft.PlayitTcpTunnel] failed to send data to tunnel
[14:13:48] [nioEventLoopGroup-2-1/WARN]: [gg.playit.minecraft.PlayitTcpTunnel] failed to send data to tunnel
[14:13:48] [nioEventLoopGroup-2-1/WARN]: [gg.playit.minecraft.PlayitTcpTunnel] failed to send data to tunnel
[14:13:48] [nioEventLoopGroup-2-1/WARN]: [gg.playit.minecraft.PlayitTcpTunnel] failed to send data to tunnel
[14:13:48] [nioEventLoopGroup-2-1/WARN]: [gg.playit.minecraft.PlayitTcpTunnel] failed to send data to tunnel
[14:13:48] [nioEventLoopGroup-2-1/WARN]: [gg.playit.minecraft.PlayitTcpTunnel] failed to send data to tunnel
[14:13:48] [nioEventLoopGroup-2-1/WARN]: [gg.playit.minecraft.PlayitTcpTunnel] failed to send data to tunnel
[14:13:48] [nioEventLoopGroup-2-1/WARN]: [gg.playit.minecraft.PlayitTcpTunnel] failed to send data to tunnel
[14:13:48] [nioEventLoopGroup-2-1/WARN]: [gg.playit.minecraft.PlayitTcpTunnel] failed to send data to tunnel
[14:13:48] [nioEventLoopGroup-2-1/WARN]: [gg.playit.minecraft.PlayitTcpTunnel] failed to send data to tunnel
[14:13:48] [nioEventLoopGroup-2-1/WARN]: [gg.playit.minecraft.PlayitTcpTunnel] failed to send data to tunnel
[14:13:48] [nioEventLoopGroup-2-1/WARN]: [gg.playit.minecraft.PlayitTcpTunnel] failed to send data to tunnel
[14:13:48] [nioEventLoopGroup-2-1/WARN]: [gg.playit.minecraft.PlayitTcpTunnel] failed to send data to tunnel
[14:13:48] [nioEventLoopGroup-2-1/WARN]: [gg.playit.minecraft.PlayitTcpTunnel] failed to send data to tunnel
[14:13:48] [nioEventLoopGroup-2-1/WARN]: [gg.playit.minecraft.PlayitTcpTunnel] failed to send data to tunnel
[14:13:48] [nioEventLoopGroup-2-1/WARN]: [gg.playit.minecraft.PlayitTcpTunnel] failed to send data to tunnel
[14:13:48] [nioEventLoopGroup-2-1/WARN]: [gg.playit.minecraft.PlayitTcpTunnel] failed to send data to tunnel
[14:13:48] [nioEventLoopGroup-2-1/WARN]: [gg.playit.minecraft.PlayitTcpTunnel] failed to send data to tunnel
[14:13:48] [nioEventLoopGroup-2-1/WARN]: [gg.playit.minecraft.PlayitTcpTunnel] failed to send data to tunnel
[14:13:48] [nioEventLoopGroup-2-1/WARN]: [gg.playit.minecraft.PlayitTcpTunnel] failed to send data to tunnel
[14:13:48] [nioEventLoopGroup-2-1/WARN]: [gg.playit.minecraft.PlayitTcpTunnel] failed to send data to tunnel
[14:13:48] [nioEventLoopGroup-2-1/WARN]: [gg.playit.minecraft.PlayitTcpTunnel] failed to send data to tunnel
[14:13:48] [nioEventLoopGroup-2-1/WARN]: [gg.playit.minecraft.PlayitTcpTunnel] failed to send data to tunnel
[14:13:48] [nioEventLoopGroup-2-1/WARN]: [gg.playit.minecraft.PlayitTcpTunnel] failed to send data to tunnel
[14:13:48] [nioEventLoopGroup-2-1/WARN]: [gg.playit.minecraft.PlayitTcpTunnel] failed to send data to tunnel
[14:13:48] [nioEventLoopGroup-2-1/WARN]: [gg.playit.minecraft.PlayitTcpTunnel] failed to send data to tunnel
[14:13:48] [nioEventLoopGroup-2-1/WARN]: [gg.playit.minecraft.PlayitTcpTunnel] failed to send data to tunnel
[14:13:48] [nioEventLoopGroup-2-1/WARN]: [gg.playit.minecraft.PlayitTcpTunnel] failed to send data to tunnel
[14:13:48] [nioEventLoopGroup-2-1/WARN]: [gg.playit.minecraft.PlayitTcpTunnel] failed to send data to tunnel
[14:13:48] [nioEventLoopGroup-2-1/WARN]: [gg.playit.minecraft.PlayitTcpTunnel] failed to send data to tunnel
[14:13:48] [nioEventLoopGroup-2-1/WARN]: [gg.playit.minecraft.PlayitTcpTunnel] failed to send data to tunnel
[14:13:48] [Server thread/INFO]: iamrkproboss left the game
[14:14:15] [Server thread/INFO]: Stopping server
[14:14:15] [Server thread/INFO]: [SetHome] Disabling SetHome v6.1
[14:14:15] [Server thread/INFO]: [JustTPA] Disabling JustTPA v20250220c
[14:14:15] [Server thread/INFO]: [JustTPA] JustTPA disabled
[14:14:15] [Server thread/INFO]: [ChunkLoader] Disabling ChunkLoader v1.0.6
[14:14:15] [Server thread/INFO]: [playit-gg] Disabling playit-gg v0.2.0
[14:14:15] [Server thread/INFO]: [Chunky] Disabling Chunky v1.4.40
[14:14:15] [Server thread/INFO]: [SkinsRestorer] Disabling SkinsRestorer v15.12.0
[14:14:15] [Server thread/INFO]: [ViaBackwards] Disabling ViaBackwards v5.7.2
[14:14:15] [Server thread/INFO]: [ViaVersion] Disabling ViaVersion v5.7.2
[14:14:15] [Server thread/INFO]: [ViaVersion] ViaVersion has been disabled; uninjected the platform and shut down the scheduler.
[14:14:15] [Server thread/INFO]: Saving players
[14:14:15] [Thread-13/INFO]: [gg.playit.minecraft.PlayitManager] control channel shutdown
[14:14:15] [Server thread/INFO]: Saving worlds
[14:14:15] [Server thread/INFO]: Saving chunks for level 'ServerLevel[world]'/minecraft:overworld
[14:14:15] [Server thread/INFO]: [ChunkHolderManager] Waiting 60s for chunk system to halt for world 'world'
[14:14:15] [Server thread/INFO]: [ChunkHolderManager] Halted chunk system for world 'world'
[14:14:15] [Server thread/INFO]: [ChunkHolderManager] Saving all chunkholders for world 'world'
[14:14:16] [Server thread/INFO]: [ChunkHolderManager] Saved 183 block chunks, 183 entity chunks, 0 poi chunks in world 'world' in 1.05s
[14:14:16] [Server thread/INFO]: [ChunkHolderManager] Waiting 60s for chunk I/O to halt for world 'world'
[14:14:16] [Server thread/INFO]: [ChunkHolderManager] Halted I/O scheduler for world 'world'
[14:14:16] [Server thread/INFO]: Saving chunks for level 'ServerLevel[world_nether]'/minecraft:the_nether
[14:14:16] [Server thread/INFO]: [ChunkHolderManager] Waiting 60s for chunk system to halt for world 'world_nether'
[14:14:16] [Server thread/INFO]: [ChunkHolderManager] Halted chunk system for world 'world_nether'
[14:14:16] [Server thread/INFO]: [ChunkHolderManager] Saving all chunkholders for world 'world_nether'
[14:14:16] [Server thread/INFO]: [ChunkHolderManager] Saved 0 block chunks, 0 entity chunks, 0 poi chunks in world 'world_nether' in 0.00s
[14:14:16] [Server thread/INFO]: [ChunkHolderManager] Waiting 60s for chunk I/O to halt for world 'world_nether'
[14:14:16] [Server thread/INFO]: [ChunkHolderManager] Halted I/O scheduler for world 'world_nether'
[14:14:16] [Server thread/INFO]: Saving chunks for level 'ServerLevel[world_the_end]'/minecraft:the_end
[14:14:16] [Server thread/INFO]: [ChunkHolderManager] Waiting 60s for chunk system to halt for world 'world_the_end'
[14:14:16] [Server thread/INFO]: [ChunkHolderManager] Halted chunk system for world 'world_the_end'
[14:14:16] [Server thread/INFO]: [ChunkHolderManager] Saving all chunkholders for world 'world_the_end'
[14:14:16] [Server thread/INFO]: [ChunkHolderManager] Saved 0 block chunks, 0 entity chunks, 0 poi chunks in world 'world_the_end' in 0.00s
[14:14:16] [Server thread/INFO]: [ChunkHolderManager] Waiting 60s for chunk I/O to halt for world 'world_the_end'
[14:14:16] [Server thread/INFO]: [ChunkHolderManager] Halted I/O scheduler for world 'world_the_end'
[14:14:16] [Server thread/INFO]: ThreadedAnvilChunkStorage (world): All chunks are saved
[14:14:16] [Server thread/INFO]: ThreadedAnvilChunkStorage (DIM-1): All chunks are saved
[14:14:16] [Server thread/INFO]: ThreadedAnvilChunkStorage (DIM1): All chunks are saved
[14:14:16] [Server thread/INFO]: ThreadedAnvilChunkStorage: All dimensions are saved
[14:14:16] [Server thread/INFO]: Waiting for all RegionFile I/O tasks to complete...
[14:14:16] [Server thread/INFO]: All RegionFile I/O tasks to complete
[14:14:16] [Server thread/INFO]: [MoonriseCommon] Awaiting termination of worker pool for up to 60s...
[14:14:16] [Server thread/INFO]: [MoonriseCommon] Awaiting termination of I/O pool for up to 60s...
